// Jest Snapshot v1, https://goo.gl/fbAQLP

exports[`Pruebas en primera app Debe de mostrar primera app correctamente  1`] = `
<Fragment>
  <h1>
     
    Hola, Soy Goku
     
  </h1>
  <p>
     
    Soy un subtitulo
     
  </p>
</Fragment>
`;
